# t0=0.000000 t1=60000.000000 engine_dt=60.000000 steps=1000 dt=60.000000 boundary_var=boundary_discharge stage_var=s1
# columns: step current_time stage0
0 60.000000 1.000000
1 120.000000 1.000000
2 180.000000 1.000000
3 240.000000 1.000000
4 300.000000 1.000000
5 360.000000 1.000000
6 420.000000 1.000000
7 480.000000 1.000000
8 540.000000 1.000000
9 600.000000 1.000000
10 660.000000 1.000000
11 720.000000 1.000000
12 780.000000 1.000000
13 840.000000 1.000000
14 900.000000 1.000000
15 960.000000 1.000000
16 1020.000000 1.000000
17 1080.000000 1.000000
18 1140.000000 1.000000
19 1200.000000 1.000000
20 1260.000000 1.000000
21 1320.000000 1.000000
22 1380.000000 1.000000
23 1440.000000 1.000000
24 1500.000000 1.000000
25 1560.000000 1.000000
26 1620.000000 1.000000
27 1680.000000 1.000000
28 1740.000000 1.000000
29 1800.000000 1.000000
30 1860.000000 1.000000
31 1920.000000 1.000000
32 1980.000000 1.000000
33 2040.000000 1.000000
34 2100.000000 1.000000
35 2160.000000 1.000000
36 2220.000000 1.000000
37 2280.000000 1.000000
38 2340.000000 1.000000
39 2400.000000 1.000000
40 2460.000000 1.000000
41 2520.000000 1.000000
42 2580.000000 1.000000
43 2640.000000 1.000000
44 2700.000000 1.000000
45 2760.000000 1.000000
46 2820.000000 1.000000
47 2880.000000 1.000000
48 2940.000000 1.000000
49 3000.000000 1.000000
50 3060.000000 1.000000
51 3120.000000 1.000000
52 3180.000000 1.000000
53 3240.000000 1.000000
54 3300.000000 1.000000
55 3360.000000 1.000000
56 3420.000000 1.000000
57 3480.000000 1.000000
58 3540.000000 1.000000
59 3600.000000 1.000000
60 3660.000000 1.000000
61 3720.000000 1.000000
62 3780.000000 1.000000
63 3840.000000 1.000000
64 3900.000000 1.000000
65 3960.000000 1.000000
66 4020.000000 1.000000
67 4080.000000 1.000000
68 4140.000000 1.000000
69 4200.000000 1.000000
70 4260.000000 1.000000
71 4320.000000 1.000000
72 4380.000000 1.000000
73 4440.000000 1.000000
74 4500.000000 1.000000
75 4560.000000 1.000000
76 4620.000000 1.000000
77 4680.000000 1.000000
78 4740.000000 1.000000
79 4800.000000 1.000000
80 4860.000000 1.000000
81 4920.000000 1.000000
82 4980.000000 1.000000
83 5040.000000 1.000000
84 5100.000000 1.000000
85 5160.000000 1.000000
86 5220.000000 1.000000
87 5280.000000 1.000000
88 5340.000000 1.000000
89 5400.000000 1.000000
90 5460.000000 1.000000
91 5520.000000 1.000000
92 5580.000000 1.000000
93 5640.000000 1.000000
94 5700.000000 1.000000
95 5760.000000 1.000000
96 5820.000000 1.000000
97 5880.000000 1.000000
98 5940.000000 1.000000
99 6000.000000 1.000000
100 6060.000000 1.000000
101 6120.000000 1.000000
102 6180.000000 1.000000
103 6240.000000 1.000000
104 6300.000000 1.000000
105 6360.000000 1.000000
106 6420.000000 1.000000
107 6480.000000 1.000000
108 6540.000000 1.000000
109 6600.000000 1.000000
110 6660.000000 1.000000
111 6720.000000 1.000000
112 6780.000000 1.000000
113 6840.000000 1.000000
114 6900.000000 1.000000
115 6960.000000 1.000000
116 7020.000000 1.000000
117 7080.000000 1.000000
118 7140.000000 1.000000
119 7200.000000 1.000000
120 7260.000000 1.000000
121 7320.000000 1.000000
122 7380.000000 1.000000
123 7440.000000 1.000000
124 7500.000000 1.000000
125 7560.000000 1.000000
126 7620.000000 1.000000
127 7680.000000 1.000000
128 7740.000000 1.000000
129 7800.000000 1.000000
130 7860.000000 1.000000
131 7920.000000 1.000000
132 7980.000000 1.000000
133 8040.000000 1.000000
134 8100.000000 1.000000
135 8160.000000 1.000000
136 8220.000000 1.000000
137 8280.000000 1.000000
138 8340.000000 1.000000
139 8400.000000 1.000000
140 8460.000000 1.000000
141 8520.000000 1.000000
142 8580.000000 1.000000
143 8640.000000 1.000000
144 8700.000000 1.000000
145 8760.000000 1.000000
146 8820.000000 1.000000
147 8880.000000 1.000000
148 8940.000000 1.000000
149 9000.000000 1.000000
150 9060.000000 1.000000
151 9120.000000 1.000000
152 9180.000000 1.000000
153 9240.000000 1.000000
154 9300.000000 1.000000
155 9360.000000 1.000000
156 9420.000000 1.000000
157 9480.000000 1.000000
158 9540.000000 1.000000
159 9600.000000 1.000000
160 9660.000000 1.000000
161 9720.000000 1.000000
162 9780.000000 1.000000
163 9840.000000 1.000000
164 9900.000000 1.000000
165 9960.000000 1.000000
166 10020.000000 1.000000
167 10080.000000 1.000000
168 10140.000000 1.000000
169 10200.000000 1.000000
170 10260.000000 1.000000
171 10320.000000 1.000000
172 10380.000000 1.000000
173 10440.000000 1.000000
174 10500.000000 1.000000
175 10560.000000 1.000000
176 10620.000000 1.000000
177 10680.000000 1.000000
178 10740.000000 1.000000
179 10800.000000 1.000000
180 10860.000000 1.000000
181 10920.000000 1.000000
182 10980.000000 1.000000
183 11040.000000 1.000000
184 11100.000000 1.000000
185 11160.000000 1.000000
186 11220.000000 1.000000
187 11280.000000 1.000000
188 11340.000000 1.000000
189 11400.000000 1.000000
190 11460.000000 1.000000
191 11520.000000 1.000000
192 11580.000000 1.000000
193 11640.000000 1.000000
194 11700.000000 1.000000
195 11760.000000 1.000000
196 11820.000000 1.000000
197 11880.000000 1.000000
198 11940.000000 1.000000
199 12000.000000 1.000000
200 12060.000000 1.000000
201 12120.000000 1.000000
202 12180.000000 1.000000
203 12240.000000 1.000000
204 12300.000000 1.000000
205 12360.000000 1.000000
206 12420.000000 1.000000
207 12480.000000 1.000000
208 12540.000000 1.000000
209 12600.000000 1.000000
210 12660.000000 1.000000
211 12720.000000 1.000000
212 12780.000000 1.000000
213 12840.000000 1.000000
214 12900.000000 1.000000
215 12960.000000 1.000000
216 13020.000000 1.000000
217 13080.000000 1.000000
218 13140.000000 1.000000
219 13200.000000 1.000000
220 13260.000000 1.000000
221 13320.000000 1.000000
222 13380.000000 1.000000
223 13440.000000 1.000000
224 13500.000000 1.000000
225 13560.000000 1.000000
226 13620.000000 1.000000
227 13680.000000 1.000000
228 13740.000000 1.000000
229 13800.000000 1.000000
230 13860.000000 1.000000
231 13920.000000 1.000000
232 13980.000000 1.000000
233 14040.000000 1.000000
234 14100.000000 1.000000
235 14160.000000 1.000000
236 14220.000000 1.000000
237 14280.000000 1.000000
238 14340.000000 1.000000
239 14400.000000 1.000000
240 14460.000000 1.000000
241 14520.000000 1.000000
242 14580.000000 1.000000
243 14640.000000 1.000000
244 14700.000000 1.000000
245 14760.000000 1.000000
246 14820.000000 1.000000
247 14880.000000 1.000000
248 14940.000000 1.000000
249 15000.000000 1.000000
250 15060.000000 1.000000
251 15120.000000 1.000000
252 15180.000000 1.000000
253 15240.000000 1.000000
254 15300.000000 1.000000
255 15360.000000 1.000000
256 15420.000000 1.000000
257 15480.000000 1.000000
258 15540.000000 1.000000
259 15600.000000 1.000000
260 15660.000000 1.000000
261 15720.000000 1.000000
262 15780.000000 1.000000
263 15840.000000 1.000000
264 15900.000000 1.000000
265 15960.000000 1.000000
266 16020.000000 1.000000
267 16080.000000 1.000000
268 16140.000000 1.000000
269 16200.000000 1.000000
270 16260.000000 1.000000
271 16320.000000 1.000000
272 16380.000000 1.000000
273 16440.000000 1.000000
274 16500.000000 1.000000
275 16560.000000 1.000000
276 16620.000000 1.000000
277 16680.000000 1.000000
278 16740.000000 1.000000
279 16800.000000 1.000000
280 16860.000000 1.000000
281 16920.000000 1.000000
282 16980.000000 1.000000
283 17040.000000 1.000000
284 17100.000000 1.000000
285 17160.000000 1.000000
286 17220.000000 1.000000
287 17280.000000 1.000000
288 17340.000000 1.000000
289 17400.000000 1.000000
290 17460.000000 1.000000
291 17520.000000 1.000000
292 17580.000000 1.000000
293 17640.000000 1.000000
294 17700.000000 1.000000
295 17760.000000 1.000000
296 17820.000000 1.000000
297 17880.000000 1.000000
298 17940.000000 1.000000
299 18000.000000 1.000000
300 18060.000000 1.000000
301 18120.000000 1.000000
302 18180.000000 1.000000
303 18240.000000 1.000000
304 18300.000000 1.000000
305 18360.000000 1.000000
306 18420.000000 1.000000
307 18480.000000 1.000000
308 18540.000000 1.000000
309 18600.000000 1.000000
310 18660.000000 1.000000
311 18720.000000 1.000000
312 18780.000000 1.000000
313 18840.000000 1.000000
314 18900.000000 1.000000
315 18960.000000 1.000000
316 19020.000000 1.000000
317 19080.000000 1.000000
318 19140.000000 1.000000
319 19200.000000 1.000000
320 19260.000000 1.000000
321 19320.000000 1.000000
322 19380.000000 1.000000
323 19440.000000 1.000000
324 19500.000000 1.000000
325 19560.000000 1.000000
326 19620.000000 1.000000
327 19680.000000 1.000000
328 19740.000000 1.000000
329 19800.000000 1.000000
330 19860.000000 1.000000
331 19920.000000 1.000000
332 19980.000000 1.000000
333 20040.000000 1.000000
334 20100.000000 1.000000
335 20160.000000 1.000000
336 20220.000000 1.000000
337 20280.000000 1.000000
338 20340.000000 1.000000
339 20400.000000 1.000000
340 20460.000000 1.000000
341 20520.000000 1.000000
342 20580.000000 1.000000
343 20640.000000 1.000000
344 20700.000000 1.000000
345 20760.000000 1.000000
346 20820.000000 1.000000
347 20880.000000 1.000000
348 20940.000000 1.000000
349 21000.000000 1.000000
350 21060.000000 1.000000
351 21120.000000 1.000000
352 21180.000000 1.000000
353 21240.000000 1.000000
354 21300.000000 1.000000
355 21360.000000 1.000000
356 21420.000000 1.000000
357 21480.000000 1.000000
358 21540.000000 1.000000
359 21600.000000 1.000000
360 21660.000000 1.000000
361 21720.000000 1.000000
362 21780.000000 1.000000
363 21840.000000 1.000000
364 21900.000000 1.000000
365 21960.000000 1.000000
366 22020.000000 1.000000
367 22080.000000 1.000000
368 22140.000000 1.000000
369 22200.000000 1.000000
370 22260.000000 1.000000
371 22320.000000 1.000000
372 22380.000000 1.000000
373 22440.000000 1.000000
374 22500.000000 1.000000
375 22560.000000 1.000000
376 22620.000000 1.000000
377 22680.000000 1.000000
378 22740.000000 1.000000
379 22800.000000 1.000000
380 22860.000000 1.000000
381 22920.000000 1.000000
382 22980.000000 1.000000
383 23040.000000 1.000000
384 23100.000000 1.000000
385 23160.000000 1.000000
386 23220.000000 1.000000
387 23280.000000 1.000000
388 23340.000000 1.000000
389 23400.000000 1.000000
390 23460.000000 1.000000
391 23520.000000 1.000000
392 23580.000000 1.000000
393 23640.000000 1.000000
394 23700.000000 1.000000
395 23760.000000 1.000000
396 23820.000000 1.000000
397 23880.000000 1.000000
398 23940.000000 1.000000
399 24000.000000 1.000000
400 24060.000000 1.000000
401 24120.000000 1.000000
402 24180.000000 1.000000
403 24240.000000 1.000000
404 24300.000000 1.000000
405 24360.000000 1.000000
406 24420.000000 1.000000
407 24480.000000 1.000000
408 24540.000000 1.000000
409 24600.000000 1.000000
410 24660.000000 1.000000
411 24720.000000 1.000000
412 24780.000000 1.000000
413 24840.000000 1.000000
414 24900.000000 1.000000
415 24960.000000 1.000000
416 25020.000000 1.000000
417 25080.000000 1.000000
418 25140.000000 1.000000
419 25200.000000 1.000000
420 25260.000000 1.000000
421 25320.000000 1.000000
422 25380.000000 1.000000
423 25440.000000 1.000000
424 25500.000000 1.000000
425 25560.000000 1.000000
426 25620.000000 1.000000
427 25680.000000 1.000000
428 25740.000000 1.000000
429 25800.000000 1.000000
430 25860.000000 1.000000
431 25920.000000 1.000000
432 25980.000000 1.000000
433 26040.000000 1.000000
434 26100.000000 1.000000
435 26160.000000 1.000000
436 26220.000000 1.000000
437 26280.000000 1.000000
438 26340.000000 1.000000
439 26400.000000 1.000000
440 26460.000000 1.000000
441 26520.000000 1.000000
442 26580.000000 1.000000
443 26640.000000 1.000000
444 26700.000000 1.000000
445 26760.000000 1.000000
446 26820.000000 1.000000
447 26880.000000 1.000000
448 26940.000000 1.000000
449 27000.000000 1.000000
450 27060.000000 1.000000
451 27120.000000 1.000000
452 27180.000000 1.000000
453 27240.000000 1.000000
454 27300.000000 1.000000
455 27360.000000 1.000000
456 27420.000000 1.000000
457 27480.000000 1.000000
458 27540.000000 1.000000
459 27600.000000 1.000000
460 27660.000000 1.000000
461 27720.000000 1.000000
462 27780.000000 1.000000
463 27840.000000 1.000000
464 27900.000000 1.000000
465 27960.000000 1.000000
466 28020.000000 1.000000
467 28080.000000 1.000000
468 28140.000000 1.000000
469 28200.000000 1.000000
470 28260.000000 1.000000
471 28320.000000 1.000000
472 28380.000000 1.000000
473 28440.000000 1.000000
474 28500.000000 1.000000
475 28560.000000 1.000000
476 28620.000000 1.000000
477 28680.000000 1.000000
478 28740.000000 1.000000
479 28800.000000 1.000000
480 28860.000000 1.000000
481 28920.000000 1.000000
482 28980.000000 1.000000
483 29040.000000 1.000000
484 29100.000000 1.000000
485 29160.000000 1.000000
486 29220.000000 1.000000
487 29280.000000 1.000000
488 29340.000000 1.000000
489 29400.000000 1.000000
490 29460.000000 1.000000
491 29520.000000 1.000000
492 29580.000000 1.000000
493 29640.000000 1.000000
494 29700.000000 1.000000
495 29760.000000 1.000000
496 29820.000000 1.000000
497 29880.000000 1.000000
498 29940.000000 1.000000
499 30000.000000 1.000000
500 30060.000000 1.000000
501 30120.000000 1.000000
502 30180.000000 1.000000
503 30240.000000 1.000000
504 30300.000000 1.000000
505 30360.000000 1.000000
506 30420.000000 1.000000
507 30480.000000 1.000000
508 30540.000000 1.000000
509 30600.000000 1.000000
510 30660.000000 1.000000
511 30720.000000 1.000000
512 30780.000000 1.000000
513 30840.000000 1.000000
514 30900.000000 1.000000
515 30960.000000 1.000000
516 31020.000000 1.000000
517 31080.000000 1.000000
518 31140.000000 1.000000
519 31200.000000 1.000000
520 31260.000000 1.000000
521 31320.000000 1.000000
522 31380.000000 1.000000
523 31440.000000 1.000000
524 31500.000000 1.000000
525 31560.000000 1.000000
526 31620.000000 1.000000
527 31680.000000 1.000000
528 31740.000000 1.000000
529 31800.000000 1.000000
530 31860.000000 1.000000
531 31920.000000 1.000000
532 31980.000000 1.000000
533 32040.000000 1.000000
534 32100.000000 1.000000
535 32160.000000 1.000000
536 32220.000000 1.000000
537 32280.000000 1.000000
538 32340.000000 1.000000
539 32400.000000 1.000000
540 32460.000000 1.000000
541 32520.000000 1.000000
542 32580.000000 1.000000
543 32640.000000 1.000000
544 32700.000000 1.000000
545 32760.000000 1.000000
546 32820.000000 1.000000
547 32880.000000 1.000000
548 32940.000000 1.000000
549 33000.000000 1.000000
550 33060.000000 1.000000
551 33120.000000 1.000000
552 33180.000000 1.000000
553 33240.000000 1.000000
554 33300.000000 1.000000
555 33360.000000 1.000000
556 33420.000000 1.000000
557 33480.000000 1.000000
558 33540.000000 1.000000
559 33600.000000 1.000000
560 33660.000000 1.000000
561 33720.000000 1.000000
562 33780.000000 1.000000
563 33840.000000 1.000000
564 33900.000000 1.000000
565 33960.000000 1.000000
566 34020.000000 1.000000
567 34080.000000 1.000000
568 34140.000000 1.000000
569 34200.000000 1.000000
570 34260.000000 1.000000
571 34320.000000 1.000000
572 34380.000000 1.000000
573 34440.000000 1.000000
574 34500.000000 1.000000
575 34560.000000 1.000000
576 34620.000000 1.000000
577 34680.000000 1.000000
578 34740.000000 1.000000
579 34800.000000 1.000000
580 34860.000000 1.000000
581 34920.000000 1.000000
582 34980.000000 1.000000
583 35040.000000 1.000000
584 35100.000000 1.000000
585 35160.000000 1.000000
586 35220.000000 1.000000
587 35280.000000 1.000000
588 35340.000000 1.000000
589 35400.000000 1.000000
590 35460.000000 1.000000
591 35520.000000 1.000000
592 35580.000000 1.000000
593 35640.000000 1.000000
594 35700.000000 1.000000
595 35760.000000 1.000000
596 35820.000000 1.000000
597 35880.000000 1.000000
598 35940.000000 1.000000
599 36000.000000 1.000000
600 36060.000000 1.000000
601 36120.000000 1.000000
602 36180.000000 1.000000
603 36240.000000 1.000000
604 36300.000000 1.000000
605 36360.000000 1.000000
606 36420.000000 1.000000
607 36480.000000 1.000000
608 36540.000000 1.000000
609 36600.000000 1.000000
610 36660.000000 1.000000
611 36720.000000 1.000000
612 36780.000000 1.000000
613 36840.000000 1.000000
614 36900.000000 1.000000
615 36960.000000 1.000000
616 37020.000000 1.000000
617 37080.000000 1.000000
618 37140.000000 1.000000
619 37200.000000 1.000000
620 37260.000000 1.000000
621 37320.000000 1.000000
622 37380.000000 1.000000
623 37440.000000 1.000000
624 37500.000000 1.000000
625 37560.000000 1.000000
626 37620.000000 1.000000
627 37680.000000 1.000000
628 37740.000000 1.000000
629 37800.000000 1.000000
630 37860.000000 1.000000
631 37920.000000 1.000000
632 37980.000000 1.000000
633 38040.000000 1.000000
634 38100.000000 1.000000
635 38160.000000 1.000000
636 38220.000000 1.000000
637 38280.000000 1.000000
638 38340.000000 1.000000
639 38400.000000 1.000000
640 38460.000000 1.000000
641 38520.000000 1.000000
642 38580.000000 1.000000
643 38640.000000 1.000000
644 38700.000000 1.000000
645 38760.000000 1.000000
646 38820.000000 1.000000
647 38880.000000 1.000000
648 38940.000000 1.000000
649 39000.000000 1.000000
650 39060.000000 1.000000
651 39120.000000 1.000000
652 39180.000000 1.000000
653 39240.000000 1.000000
654 39300.000000 1.000000
655 39360.000000 1.000000
656 39420.000000 1.000000
657 39480.000000 1.000000
658 39540.000000 1.000000
659 39600.000000 1.000000
660 39660.000000 1.000000
661 39720.000000 1.000000
662 39780.000000 1.000000
663 39840.000000 1.000000
664 39900.000000 1.000000
665 39960.000000 1.000000
666 40020.000000 1.000000
667 40080.000000 1.000000
668 40140.000000 1.000000
669 40200.000000 1.000000
670 40260.000000 1.000000
671 40320.000000 1.000000
672 40380.000000 1.000000
673 40440.000000 1.000000
674 40500.000000 1.000000
675 40560.000000 1.000000
676 40620.000000 1.000000
677 40680.000000 1.000000
678 40740.000000 1.000000
679 40800.000000 1.000000
680 40860.000000 1.000000
681 40920.000000 1.000000
682 40980.000000 1.000000
683 41040.000000 1.000000
684 41100.000000 1.000000
685 41160.000000 1.000000
686 41220.000000 1.000000
687 41280.000000 1.000000
688 41340.000000 1.000000
689 41400.000000 1.000000
690 41460.000000 1.000000
691 41520.000000 1.000000
692 41580.000000 1.000000
693 41640.000000 1.000000
694 41700.000000 1.000000
695 41760.000000 1.000000
696 41820.000000 1.000000
697 41880.000000 1.000000
698 41940.000000 1.000000
699 42000.000000 1.000000
700 42060.000000 1.000000
701 42120.000000 1.000000
702 42180.000000 1.000000
703 42240.000000 1.000000
704 42300.000000 1.000000
705 42360.000000 1.000000
706 42420.000000 1.000000
707 42480.000000 1.000000
708 42540.000000 1.000000
709 42600.000000 1.000000
710 42660.000000 1.000000
711 42720.000000 1.000000
712 42780.000000 1.000000
713 42840.000000 1.000000
714 42900.000000 1.000000
715 42960.000000 1.000000
716 43020.000000 1.000000
717 43080.000000 1.000000
718 43140.000000 1.000000
719 43200.000000 1.000000
720 43260.000000 1.000000
721 43320.000000 1.000000
722 43380.000000 1.000000
723 43440.000000 1.000000
724 43500.000000 1.000000
725 43560.000000 1.000000
726 43620.000000 1.000000
727 43680.000000 1.000000
728 43740.000000 1.000000
729 43800.000000 1.000000
730 43860.000000 1.000000
731 43920.000000 1.000000
732 43980.000000 1.000000
733 44040.000000 1.000000
734 44100.000000 1.000000
735 44160.000000 1.000000
736 44220.000000 1.000000
737 44280.000000 1.000000
738 44340.000000 1.000000
739 44400.000000 1.000000
740 44460.000000 1.000000
741 44520.000000 1.000000
742 44580.000000 1.000000
743 44640.000000 1.000000
744 44700.000000 1.000000
745 44760.000000 1.000000
746 44820.000000 1.000000
747 44880.000000 1.000000
748 44940.000000 1.000000
749 45000.000000 1.000000
750 45060.000000 1.000000
751 45120.000000 1.000000
752 45180.000000 1.000000
753 45240.000000 1.000000
754 45300.000000 1.000000
755 45360.000000 1.000000
756 45420.000000 1.000000
757 45480.000000 1.000000
758 45540.000000 1.000000
759 45600.000000 1.000000
760 45660.000000 1.000000
761 45720.000000 1.000000
762 45780.000000 1.000000
763 45840.000000 1.000000
764 45900.000000 1.000000
765 45960.000000 1.000000
766 46020.000000 1.000000
767 46080.000000 1.000000
768 46140.000000 1.000000
769 46200.000000 1.000000
770 46260.000000 1.000000
771 46320.000000 1.000000
772 46380.000000 1.000000
773 46440.000000 1.000000
774 46500.000000 1.000000
775 46560.000000 1.000000
776 46620.000000 1.000000
777 46680.000000 1.000000
778 46740.000000 1.000000
779 46800.000000 1.000000
780 46860.000000 1.000000
781 46920.000000 1.000000
782 46980.000000 1.000000
783 47040.000000 1.000000
784 47100.000000 1.000000
785 47160.000000 1.000000
786 47220.000000 1.000000
787 47280.000000 1.000000
788 47340.000000 1.000000
789 47400.000000 1.000000
790 47460.000000 1.000000
791 47520.000000 1.000000
792 47580.000000 1.000000
793 47640.000000 1.000000
794 47700.000000 1.000000
795 47760.000000 1.000000
796 47820.000000 1.000000
797 47880.000000 1.000000
798 47940.000000 1.000000
799 48000.000000 1.000000
800 48060.000000 1.000000
801 48120.000000 1.000000
802 48180.000000 1.000000
803 48240.000000 1.000000
804 48300.000000 1.000000
805 48360.000000 1.000000
806 48420.000000 1.000000
807 48480.000000 1.000000
808 48540.000000 1.000000
809 48600.000000 1.000000
810 48660.000000 1.000000
811 48720.000000 1.000000
812 48780.000000 1.000000
813 48840.000000 1.000000
814 48900.000000 1.000000
815 48960.000000 1.000000
816 49020.000000 1.000000
817 49080.000000 1.000000
818 49140.000000 1.000000
819 49200.000000 1.000000
820 49260.000000 1.000000
821 49320.000000 1.000000
822 49380.000000 1.000000
823 49440.000000 1.000000
824 49500.000000 1.000000
825 49560.000000 1.000000
826 49620.000000 1.000000
827 49680.000000 1.000000
828 49740.000000 1.000000
829 49800.000000 1.000000
830 49860.000000 1.000000
831 49920.000000 1.000000
832 49980.000000 1.000000
833 50040.000000 1.000000
834 50100.000000 1.000000
835 50160.000000 1.000000
836 50220.000000 1.000000
837 50280.000000 1.000000
838 50340.000000 1.000000
839 50400.000000 1.000000
840 50460.000000 1.000000
841 50520.000000 1.000000
842 50580.000000 1.000000
843 50640.000000 1.000000
844 50700.000000 1.000000
845 50760.000000 1.000000
846 50820.000000 1.000000
847 50880.000000 1.000000
848 50940.000000 1.000000
849 51000.000000 1.000000
850 51060.000000 1.000000
851 51120.000000 1.000000
852 51180.000000 1.000000
853 51240.000000 1.000000
854 51300.000000 1.000000
855 51360.000000 1.000000
856 51420.000000 1.000000
857 51480.000000 1.000000
858 51540.000000 1.000000
859 51600.000000 1.000000
860 51660.000000 1.000000
861 51720.000000 1.000000
862 51780.000000 1.000000
863 51840.000000 1.000000
864 51900.000000 1.000000
865 51960.000000 1.000000
866 52020.000000 1.000000
867 52080.000000 1.000000
868 52140.000000 1.000000
869 52200.000000 1.000000
870 52260.000000 1.000000
871 52320.000000 1.000000
872 52380.000000 1.000000
873 52440.000000 1.000000
874 52500.000000 1.000000
875 52560.000000 1.000000
876 52620.000000 1.000000
877 52680.000000 1.000000
878 52740.000000 1.000000
879 52800.000000 1.000000
880 52860.000000 1.000000
881 52920.000000 1.000000
882 52980.000000 1.000000
883 53040.000000 1.000000
884 53100.000000 1.000000
885 53160.000000 1.000000
886 53220.000000 1.000000
887 53280.000000 1.000000
888 53340.000000 1.000000
889 53400.000000 1.000000
890 53460.000000 1.000000
891 53520.000000 1.000000
892 53580.000000 1.000000
893 53640.000000 1.000000
894 53700.000000 1.000000
895 53760.000000 1.000000
896 53820.000000 1.000000
897 53880.000000 1.000000
898 53940.000000 1.000000
899 54000.000000 1.000000
900 54060.000000 1.000000
901 54120.000000 1.000000
902 54180.000000 1.000000
903 54240.000000 1.000000
904 54300.000000 1.000000
905 54360.000000 1.000000
906 54420.000000 1.000000
907 54480.000000 1.000000
908 54540.000000 1.000000
909 54600.000000 1.000000
910 54660.000000 1.000000
911 54720.000000 1.000000
912 54780.000000 1.000000
913 54840.000000 1.000000
914 54900.000000 1.000000
915 54960.000000 1.000000
916 55020.000000 1.000000
917 55080.000000 1.000000
918 55140.000000 1.000000
919 55200.000000 1.000000
920 55260.000000 1.000000
921 55320.000000 1.000000
922 55380.000000 1.000000
923 55440.000000 1.000000
924 55500.000000 1.000000
925 55560.000000 1.000000
926 55620.000000 1.000000
927 55680.000000 1.000000
928 55740.000000 1.000000
929 55800.000000 1.000000
930 55860.000000 1.000000
931 55920.000000 1.000000
932 55980.000000 1.000000
933 56040.000000 1.000000
934 56100.000000 1.000000
935 56160.000000 1.000000
936 56220.000000 1.000000
937 56280.000000 1.000000
938 56340.000000 1.000000
939 56400.000000 1.000000
940 56460.000000 1.000000
941 56520.000000 1.000000
942 56580.000000 1.000000
943 56640.000000 1.000000
944 56700.000000 1.000000
945 56760.000000 1.000000
946 56820.000000 1.000000
947 56880.000000 1.000000
948 56940.000000 1.000000
949 57000.000000 1.000000
950 57060.000000 1.000000
951 57120.000000 1.000000
952 57180.000000 1.000000
953 57240.000000 1.000000
954 57300.000000 1.000000
955 57360.000000 1.000000
956 57420.000000 1.000000
957 57480.000000 1.000000
958 57540.000000 1.000000
959 57600.000000 1.000000
960 57660.000000 1.000000
961 57720.000000 1.000000
962 57780.000000 1.000000
963 57840.000000 1.000000
964 57900.000000 1.000000
965 57960.000000 1.000000
966 58020.000000 1.000000
967 58080.000000 1.000000
968 58140.000000 1.000000
969 58200.000000 1.000000
970 58260.000000 1.000000
971 58320.000000 1.000000
972 58380.000000 1.000000
973 58440.000000 1.000000
974 58500.000000 1.000000
975 58560.000000 1.000000
976 58620.000000 1.000000
977 58680.000000 1.000000
978 58740.000000 1.000000
979 58800.000000 1.000000
980 58860.000000 1.000000
981 58920.000000 1.000000
982 58980.000000 1.000000
983 59040.000000 1.000000
984 59100.000000 1.000000
985 59160.000000 1.000000
986 59220.000000 1.000000
987 59280.000000 1.000000
988 59340.000000 1.000000
989 59400.000000 1.000000
990 59460.000000 1.000000
991 59520.000000 1.000000
992 59580.000000 1.000000
993 59640.000000 1.000000
994 59700.000000 1.000000
995 59760.000000 1.000000
996 59820.000000 1.000000
997 59880.000000 1.000000
998 59940.000000 1.000000
999 60000.000000 1.000000
# summary completed_steps=1000 requested_steps=1000 last_time=60000.000000 expected_last_time=60000.000000 max_dt_abs_error=0 time_trace_valid=true
